// Jest Snapshot v1, https://goo.gl/fbAQLP

exports[`HelloI18n.vue renders i18n custom blocks 1`] = `<p>Hello i18n in SFC!</p>`;
